version https://git-lfs.github.com/spec/v1
oid sha256:558048e0e2ffdf8d0adced2835754c26360bd1d09c5bb37c543fee306ed28b0d
size 214851584
